// Jest Snapshot v1, https://goo.gl/fbAQLP

exports[`Checkbox input field renders a checkbox 1`] = `
<div>
  <label
    for="abc"
  >
    chubu
  </label>
  <input
    id="abc"
    name="xzy"
    type="checkbox"
    value="true"
  />
</div>
`;
